
> doctor@0.0.0 build
> tsc && vite build

node.exe : [2m3:30:51 PM[22m [33m[1m[vite][22m[39m [33mwarning: `esbuild` option was specified by 
"vite:react-swc" plugin. This option is deprecated, please use `oxc` instead.[39m
At line:1 char:1
+ & "C:\Program Files\nodejs/node.exe" "C:\Program Files\nodejs/node_mo ...
+ ~~~~~~~~~~~~~~~~~~~~~~~~~~~~~~~~~~~~~~~~~~~~~~~~~~~~~~~~~~~~~~~~~~~~~
    + CategoryInfo          : NotSpecified: ([2m3:30:51 PM...` instead.[39m:String) [], RemoteException
    + FullyQualifiedErrorId : NativeCommandError
 
[36mvite v8.0.8 [32mbuilding client environment for production...[36m[39m
[2K
transforming...Γ£ô 2149 modules transformed.
rendering chunks...
[31mΓ£ù[39m Build failed in 515ms
[31merror during build:
[31mBuild failed with 3 errors:

[31m[MISSING_EXPORT] Error:[0m "Facebook" is not exported by "node_modules/lucide-react/dist/esm/lucide-react.js".
   [38;5;246mΓò¡[0m[38;5;246mΓöÇ[0m[38;5;246m[[0m src/components/Footer.jsx:3:23 [38;5;246m][0m
   [38;5;246mΓöé[0m
 [38;5;246m3 Γöé[0m 
[38;5;249mi[0m[38;5;249mm[0m[38;5;249mp[0m[38;5;249mo[0m[38;5;249mr[0m[38;5;249mt[0m[38;5;249m 
[0m[38;5;249m{[0m[38;5;249m [0m[38;5;249mS[0m[38;5;249mt[0m[38;5;249me[0m[38;5;249mt[0m[38;5;249mh[0m[3
8;5;249mo[0m[38;5;249ms[0m[38;5;249mc[0m[38;5;249mo[0m[38;5;249mp[0m[38;5;249me[0m[38;5;249m,[0m[38;5;249
m [0mFacebook[38;5;249m,[0m[38;5;249m [0m[38;5;249mI[0m[38;5;249mn[0m[38;5;249ms[0m[38;5;249mt[0m[38;5;24
9ma[0m[38;5;249mg[0m[38;5;249mr[0m[38;5;249ma[0m[38;5;249mm[0m[38;5;249m,[0m[38;5;249m [0m[38;5;249mT[0m
[38;5;249mw[0m[38;5;249mi[0m[38;5;249mt[0m[38;5;249mt[0m[38;5;249me[0m[38;5;249mr[0m[38;5;249m,[0m[38;5;
249m [0m[38;5;249mM[0m[38;5;249ma[0m[38;5;249mi[0m[38;5;249ml[0m[38;5;249m,[0m[38;5;249m [0m[38;5;249mM[
0m[38;5;249ma[0m[38;5;249mp[0m[38;5;249mP[0m[38;5;249mi[0m[38;5;249mn[0m[38;5;249m,[0m[38;5;249m 
[0m[38;5;249mS[0m[38;5;249me[0m[38;5;249mn[0m[38;5;249md[0m[38;5;249m [0m[38;5;249m}[0m[38;5;249m 
[0m[38;5;249mf[0m[38;5;249mr[0m[38;5;249mo[0m[38;5;249mm[0m[38;5;249m [0m[38;5;249m"[0m[38;5;249ml[0m[3
8;5;249mu[0m[38;5;249mc[0m[38;5;249mi[0m[38;5;249md[0m[38;5;249me[0m[38;5;249m-[0m[38;5;249mr[0m[38;5;249
me[0m[38;5;249ma[0m[38;5;249mc[0m[38;5;249mt[0m[38;5;249m"[0m[38;5;249m;[0m
 [38;5;240m  Γöé[0m                       ΓöÇΓöÇΓöÇΓöÇΓö¼ΓöÇΓöÇΓöÇ  
 [38;5;240m  Γöé[0m                           Γò░ΓöÇΓöÇΓöÇΓöÇΓöÇ Missing export
[38;5;246mΓöÇΓöÇΓöÇΓò»[0m

[31m[MISSING_EXPORT] Error:[0m "Instagram" is not exported by "node_modules/lucide-react/dist/esm/lucide-react.js".
   [38;5;246mΓò¡[0m[38;5;246mΓöÇ[0m[38;5;246m[[0m src/components/Footer.jsx:3:33 [38;5;246m][0m
   [38;5;246mΓöé[0m
 [38;5;246m3 Γöé[0m 
[38;5;249mi[0m[38;5;249mm[0m[38;5;249mp[0m[38;5;249mo[0m[38;5;249mr[0m[38;5;249mt[0m[38;5;249m 
[0m[38;5;249m{[0m[38;5;249m [0m[38;5;249mS[0m[38;5;249mt[0m[38;5;249me[0m[38;5;249mt[0m[38;5;249mh[0m[3
8;5;249mo[0m[38;5;249ms[0m[38;5;249mc[0m[38;5;249mo[0m[38;5;249mp[0m[38;5;249me[0m[38;5;249m,[0m[38;5;249
m [0m[38;5;249mF[0m[38;5;249ma[0m[38;5;249mc[0m[38;5;249me[0m[38;5;249mb[0m[38;5;249mo[0m[38;5;249mo[0m
[38;5;249mk[0m[38;5;249m,[0m[38;5;249m [0mInstagram[38;5;249m,[0m[38;5;249m [0m[38;5;249mT[0m[38;5;249mw[0
m[38;5;249mi[0m[38;5;249mt[0m[38;5;249mt[0m[38;5;249me[0m[38;5;249mr[0m[38;5;249m,[0m[38;5;249m 
[0m[38;5;249mM[0m[38;5;249ma[0m[38;5;249mi[0m[38;5;249ml[0m[38;5;249m,[0m[38;5;249m [0m[38;5;249mM[0m[3
8;5;249ma[0m[38;5;249mp[0m[38;5;249mP[0m[38;5;249mi[0m[38;5;249mn[0m[38;5;249m,[0m[38;5;249m 
[0m[38;5;249mS[0m[38;5;249me[0m[38;5;249mn[0m[38;5;249md[0m[38;5;249m [0m[38;5;249m}[0m[38;5;249m 
[0m[38;5;249mf[0m[38;5;249mr[0m[38;5;249mo[0m[38;5;249mm[0m[38;5;249m [0m[38;5;249m"[0m[38;5;249ml[0m[3
8;5;249mu[0m[38;5;249mc[0m[38;5;249mi[0m[38;5;249md[0m[38;5;249me[0m[38;5;249m-[0m[38;5;249mr[0m[38;5;249
me[0m[38;5;249ma[0m[38;5;249mc[0m[38;5;249mt[0m[38;5;249m"[0m[38;5;249m;[0m
 [38;5;240m  Γöé[0m                                 ΓöÇΓöÇΓöÇΓöÇΓö¼ΓöÇΓöÇΓöÇΓöÇ  
 [38;5;240m  Γöé[0m                                     Γò░ΓöÇΓöÇΓöÇΓöÇΓöÇΓöÇ Missing export
[38;5;246mΓöÇΓöÇΓöÇΓò»[0m

[31m[MISSING_EXPORT] Error:[0m "Twitter" is not exported by "node_modules/lucide-react/dist/esm/lucide-react.js".
   [38;5;246mΓò¡[0m[38;5;246mΓöÇ[0m[38;5;246m[[0m src/components/Footer.jsx:3:44 [38;5;246m][0m
   [38;5;246mΓöé[0m
 [38;5;246m3 Γöé[0m 
[38;5;249mi[0m[38;5;249mm[0m[38;5;249mp[0m[38;5;249mo[0m[38;5;249mr[0m[38;5;249mt[0m[38;5;249m 
[0m[38;5;249m{[0m[38;5;249m [0m[38;5;249mS[0m[38;5;249mt[0m[38;5;249me[0m[38;5;249mt[0m[38;5;249mh[0m[3
8;5;249mo[0m[38;5;249ms[0m[38;5;249mc[0m[38;5;249mo[0m[38;5;249mp[0m[38;5;249me[0m[38;5;249m,[0m[38;5;249
m [0m[38;5;249mF[0m[38;5;249ma[0m[38;5;249mc[0m[38;5;249me[0m[38;5;249mb[0m[38;5;249mo[0m[38;5;249mo[0m
[38;5;249mk[0m[38;5;249m,[0m[38;5;249m [0m[38;5;249mI[0m[38;5;249mn[0m[38;5;249ms[0m[38;5;249mt[0m[38;5;2
49ma[0m[38;5;249mg[0m[38;5;249mr[0m[38;5;249ma[0m[38;5;249mm[0m[38;5;249m,[0m[38;5;249m 
[0mTwitter[38;5;249m,[0m[38;5;249m 
[0m[38;5;249mM[0m[38;5;249ma[0m[38;5;249mi[0m[38;5;249ml[0m[38;5;249m,[0m[38;5;249m [0m[38;5;249mM[0m[3
8;5;249ma[0m[38;5;249mp[0m[38;5;249mP[0m[38;5;249mi[0m[38;5;249mn[0m[38;5;249m,[0m[38;5;249m 
[0m[38;5;249mS[0m[38;5;249me[0m[38;5;249mn[0m[38;5;249md[0m[38;5;249m [0m[38;5;249m}[0m[38;5;249m 
[0m[38;5;249mf[0m[38;5;249mr[0m[38;5;249mo[0m[38;5;249mm[0m[38;5;249m [0m[38;5;249m"[0m[38;5;249ml[0m[3
8;5;249mu[0m[38;5;249mc[0m[38;5;249mi[0m[38;5;249md[0m[38;5;249me[0m[38;5;249m-[0m[38;5;249mr[0m[38;5;249
me[0m[38;5;249ma[0m[38;5;249mc[0m[38;5;249mt[0m[38;5;249m"[0m[38;5;249m;[0m
 [38;5;240m  Γöé[0m                                            ΓöÇΓöÇΓöÇΓö¼ΓöÇΓöÇΓöÇ  
 [38;5;240m  Γöé[0m                                               Γò░ΓöÇΓöÇΓöÇΓöÇΓöÇ Missing export
[38;5;246mΓöÇΓöÇΓöÇΓò»[0m
[31m
    at aggregateBindingErrorsIntoJsError (file:///D:/doctor/node_modules/rolldown/dist/shared/error-w0u7biK-.mjs:48:18)
    at unwrapBindingResult (file:///D:/doctor/node_modules/rolldown/dist/shared/error-w0u7biK-.mjs:18:128)
    at #build (file:///D:/doctor/node_modules/rolldown/dist/shared/rolldown-build-DtGk-m96.mjs:3313:34)
    at async buildEnvironment (file:///D:/doctor/node_modules/vite/dist/node/chunks/node.js:32954:64)
    at async Object.build (file:///D:/doctor/node_modules/vite/dist/node/chunks/node.js:33376:19)
    at async Object.buildApp (file:///D:/doctor/node_modules/vite/dist/node/chunks/node.js:33373:153)
    at async CAC.<anonymous> (file:///D:/doctor/node_modules/vite/dist/node/cli.js:778:3) {
  errors: [Getter/Setter]
}[39m
